C:\Program Files\dotnet\sdk\10.0.101\Microsoft.Common.CurrentVersion.targets(5080,5): error MSB3027: Could not copy "E:\amd final\amd\src\IoTCircuitBuilder.Infrastructure\bin\Debug\net10.0\IoTCircuitBuilder.Infrastructure.dll" to "bin\Debug\net10.0\IoTCircuitBuilder.Infrastructure.dll". Exceeded retry count of 10. Failed. The file is locked by: "IoTCircuitBuilder.API (32756)" [E:\amd final\amd\src\IoTCircuitBuilder.API\IoTCircuitBuilder.API.csproj]
C:\Program Files\dotnet\sdk\10.0.101\Microsoft.Common.CurrentVersion.targets(5080,5): error MSB3021: Unable to copy file "E:\amd final\amd\src\IoTCircuitBuilder.Infrastructure\bin\Debug\net10.0\IoTCircuitBuilder.Infrastructure.dll" to "bin\Debug\net10.0\IoTCircuitBuilder.Infrastructure.dll". The process cannot access the file 'E:\amd final\amd\src\IoTCircuitBuilder.API\bin\Debug\net10.0\IoTCircuitBuilder.Infrastructure.dll' because it is being used by another process. [E:\amd final\amd\src\IoTCircuitBuilder.API\IoTCircuitBuilder.API.csproj]

Build FAILED.
    10 Warning(s)
    2 Error(s)

Time Elapsed 00:00:15.44
